{
  "meta": {
    "name": "Test Name",
    "id": 4
  },
  "markdown": "\nJust some good old markdown here",
  "html": "<p>Just some good old markdown here</p>\n"
}
