{
  "meta": {
    "name": "Test Name",
    "keywords": [
      "test",
      "list",
      "under",
      "meta"
    ],
    "byline": {
      "name": "Author Name",
      "url": "zombo.com"
    }
  },
  "markdown": "\nJust some good old markdown here",
  "html": "<p>Just some good old markdown here</p>\n"
}
